// Jest Snapshot v1, https://goo.gl/fbAQLP

exports[`<PositionSizeCalculator /> should render correctly 1`] = `
<div>
  <WithStyles(ForwardRef(Card))>
    <WithStyles(ForwardRef(Grid))
      className="makeStyles-cardPadding-13"
      container={true}
    >
      <WithStyles(ForwardRef(Grid))
        className="makeStyles-gridItemSpacing-14"
        item={true}
        xs={12}
      >
        <WithStyles(ForwardRef(Typography))
          variant="h2"
        >
          Position Size Calculator
        </WithStyles(ForwardRef(Typography))>
      </WithStyles(ForwardRef(Grid))>
      <WithStyles(ForwardRef(Grid))
        className="makeStyles-gridItemSpacing-14"
        item={true}
        md={4}
        xs={12}
      >
        <WithStyles(ForwardRef(TextField))
          fullWidth={true}
          id="acct_size_input"
          label="Account Size"
          onChange={[Function]}
          value=""
          variant="outlined"
        />
      </WithStyles(ForwardRef(Grid))>
      <WithStyles(ForwardRef(Grid))
        className="makeStyles-gridItemSpacing-14"
        item={true}
        md={4}
        xs={12}
      >
        <WithStyles(ForwardRef(TextField))
          fullWidth={true}
          id="stop_loss_input"
          label="Stop Loss"
          onChange={[Function]}
          value=""
          variant="outlined"
        />
      </WithStyles(ForwardRef(Grid))>
      <WithStyles(ForwardRef(Grid))
        className="makeStyles-gridItemSpacing-14"
        item={true}
        md={4}
        xs={12}
      >
        <WithStyles(ForwardRef(TextField))
          fullWidth={true}
          id="entry_input"
          label="Entry"
          onChange={[Function]}
          value=""
          variant="outlined"
        />
      </WithStyles(ForwardRef(Grid))>
      <WithStyles(ForwardRef(Grid))
        className="makeStyles-gridItemSpacing-14"
        item={true}
        xs={12}
      >
        <div />
      </WithStyles(ForwardRef(Grid))>
    </WithStyles(ForwardRef(Grid))>
  </WithStyles(ForwardRef(Card))>
</div>
`;
